// Jest Snapshot v1, https://goo.gl/fbAQLP

exports[`Na interface do jogo Deve ser renderizada corretamente 1`] = `
Object {
  "asFragment": [Function],
  "baseElement": <body>
    <div>
      <section>
        <section
          class="pontuacao base__painel-roxo"
        >
          <article
            class="base__flex-container"
          >
            <h2
              class="pontuacao__subtitulo"
            >
              Fase:
            </h2>
            <h2
              class="pontuacao__subtitulo"
              data-testid="fase-label"
            >
              Tutorial
            </h2>
          </article>
          <article
            class="base__flex-container"
          >
            <h2
              class="pontuacao__subtitulo"
            >
              Pontuação:
            </h2>
            <h2
              class="pontuacao__subtitulo"
              data-testid="fase-pontuacao"
            >
              0
            </h2>
          </article>
        </section>
        <table
          class="mapa__container"
        >
          <tbody
            class="mapa"
          >
            <tr
              class="mapa__linha"
            >
              <td
                class="mapa__pixel"
              >
                <img
                  alt="espaco-vazio"
                  class="pixel__espaco-vazio"
                  src="/assets/mapa/espaco-vazio.svg"
                />
              </td>
              <td
                class="mapa__pixel"
              >
                <img
                  alt="espaco-vazio"
                  class="pixel__espaco-vazio"
                  src="/assets/mapa/espaco-vazio.svg"
                />
              </td>
              <td
                class="mapa__pixel"
              >
                <img
                  alt="espaco-vazio"
                  class="pixel__espaco-vazio"
                  src="/assets/mapa/espaco-vazio.svg"
                />
              </td>
              <td
                class="mapa__pixel"
              >
                <img
                  alt="canto"
                  class="pixel__canto-superior-esquerdo"
                  src="/assets/mapa/canto.svg"
                />
              </td>
              <td
                class="mapa__pixel"
              >
                <img
                  alt="parede"
                  class="pixel__parede-horizontal"
                  src="/assets/mapa/parede.svg"
                />
              </td>
              <td
                class="mapa__pixel"
              >
                <img
                  alt="canto"
                  class="pixel__canto-superior-direito"
                  src="/assets/mapa/canto.svg"
                />
              </td>
              <td
                class="mapa__pixel"
              >
                <img
                  alt="espaco-vazio"
                  class="pixel__espaco-vazio"
                  src="/assets/mapa/espaco-vazio.svg"
                />
              </td>
              <td
                class="mapa__pixel"
              >
                <img
                  alt="espaco-vazio"
                  class="pixel__espaco-vazio"
                  src="/assets/mapa/espaco-vazio.svg"
                />
              </td>
              <td
                class="mapa__pixel"
              >
                <img
                  alt="espaco-vazio"
                  class="pixel__espaco-vazio"
                  src="/assets/mapa/espaco-vazio.svg"
                />
              </td>
            </tr>
            <tr
              class="mapa__linha"
            >
              <td
                class="mapa__pixel"
              >
                <img
                  alt="canto"
                  class="pixel__canto-superior-esquerdo"
                  src="/assets/mapa/canto.svg"
                />
              </td>
              <td
                class="mapa__pixel"
              >
                <img
                  alt="parede"
                  class="pixel__parede-horizontal"
                  src="/assets/mapa/parede.svg"
                />
              </td>
              <td
                class="mapa__pixel"
              >
                <img
                  alt="parede"
                  class="pixel__parede-horizontal"
                  src="/assets/mapa/parede.svg"
                />
              </td>
              <td
                class="mapa__pixel"
              >
                <img
                  alt="canto"
                  class="pixel__canto-inferior-direito"
                  src="/assets/mapa/canto.svg"
                />
              </td>
              <td
                class="mapa__pixel"
              >
                <img
                  alt="sherlock"
                  class="pixel__personagem"
                  src="/assets/mapa/sherlock.png"
                />
              </td>
              <td
                class="mapa__pixel"
              >
                <img
                  alt="canto"
                  class="pixel__canto-inferior-esquerdo"
                  src="/assets/mapa/canto.svg"
                />
              </td>
              <td
                class="mapa__pixel"
              >
                <img
                  alt="parede"
                  class="pixel__parede-horizontal"
                  src="/assets/mapa/parede.svg"
                />
              </td>
              <td
                class="mapa__pixel"
              >
                <img
                  alt="parede"
                  class="pixel__parede-horizontal"
                  src="/assets/mapa/parede.svg"
                />
              </td>
              <td
                class="mapa__pixel"
              >
                <img
                  alt="canto"
                  class="pixel__canto-superior-direito"
                  src="/assets/mapa/canto.svg"
                />
              </td>
            </tr>
            <tr
              class="mapa__linha"
            >
              <td
                class="mapa__pixel"
              >
                <img
                  alt="parede"
                  class="pixel__parede-vertical"
                  src="/assets/mapa/parede.svg"
                />
              </td>
              <td
                class="mapa__pixel"
              >
                <img
                  alt="jaminha"
                  class="pixel__personagem"
                  src="/assets/mapa/jaminha.png"
                />
              </td>
              <td
                class="mapa__pixel"
              >
                <img
                  alt="racao"
                  class="pixel__racao"
                  src="/assets/mapa/racao.svg"
                />
              </td>
              <td
                class="mapa__pixel"
              >
                <img
                  alt="racao"
                  class="pixel__racao"
                  src="/assets/mapa/racao.svg"
                />
              </td>
              <td
                class="mapa__pixel"
              >
                <img
                  alt="especial"
                  class="pixel__especial"
                  src="/assets/mapa/especial.svg"
                />
              </td>
              <td
                class="mapa__pixel"
              >
                <img
                  alt="racao"
                  class="pixel__racao"
                  src="/assets/mapa/racao.svg"
                />
              </td>
              <td
                class="mapa__pixel"
              >
                <img
                  alt="racao"
                  class="pixel__racao"
                  src="/assets/mapa/racao.svg"
                />
              </td>
              <td
                class="mapa__pixel"
              >
                <img
                  alt="breno"
                  class="pixel__personagem"
                  src="/assets/mapa/breno.png"
                />
              </td>
              <td
                class="mapa__pixel"
              >
                <img
                  alt="parede"
                  class="pixel__parede-vertical"
                  src="/assets/mapa/parede.svg"
                />
              </td>
            </tr>
            <tr
              class="mapa__linha"
            >
              <td
                class="mapa__pixel"
              >
                <img
                  alt="canto"
                  class="pixel__canto-inferior-esquerdo"
                  src="/assets/mapa/canto.svg"
                />
              </td>
              <td
                class="mapa__pixel"
              >
                <img
                  alt="parede"
                  class="pixel__parede-horizontal"
                  src="/assets/mapa/parede.svg"
                />
              </td>
              <td
                class="mapa__pixel"
              >
                <img
                  alt="parede"
                  class="pixel__parede-horizontal"
                  src="/assets/mapa/parede.svg"
                />
              </td>
              <td
                class="mapa__pixel"
              >
                <img
                  alt="parede"
                  class="pixel__parede-horizontal"
                  src="/assets/mapa/parede.svg"
                />
              </td>
              <td
                class="mapa__pixel"
              >
                <img
                  alt="parede"
                  class="pixel__parede-horizontal"
                  src="/assets/mapa/parede.svg"
                />
              </td>
              <td
                class="mapa__pixel"
              >
                <img
                  alt="parede"
                  class="pixel__parede-horizontal"
                  src="/assets/mapa/parede.svg"
                />
              </td>
              <td
                class="mapa__pixel"
              >
                <img
                  alt="parede"
                  class="pixel__parede-horizontal"
                  src="/assets/mapa/parede.svg"
                />
              </td>
              <td
                class="mapa__pixel"
              >
                <img
                  alt="parede"
                  class="pixel__parede-horizontal"
                  src="/assets/mapa/parede.svg"
                />
              </td>
              <td
                class="mapa__pixel"
              >
                <img
                  alt="canto"
                  class="pixel__canto-inferior-direito"
                  src="/assets/mapa/canto.svg"
                />
              </td>
            </tr>
          </tbody>
        </table>
        <section
          class="comandos"
        >
          <button
            class="comandos__botao"
            data-testid="cima"
            disabled=""
          >
            <img
              alt="cima"
              class="botao__imagem botao__imagem--cima"
              src="/assets/botoes/seta.svg"
            />
          </button>
          <button
            class="comandos__botao"
            data-testid="baixo"
          >
            <img
              alt="baixo"
              class="botao__imagem botao__imagem--baixo"
              src="/assets/botoes/seta.svg"
            />
          </button>
          <button
            class="comandos__botao"
            data-testid="esquerda"
            disabled=""
          >
            <img
              alt="esquerda"
              class="botao__imagem botao__imagem--esquerda"
              src="/assets/botoes/seta.svg"
            />
          </button>
          <button
            class="comandos__botao"
            data-testid="direita"
            disabled=""
          >
            <img
              alt="direita"
              class="botao__imagem botao__imagem--direita"
              src="/assets/botoes/seta.svg"
            />
          </button>
          <button
            class="comandos__botao"
            data-testid="especial"
            disabled=""
          >
            <img
              alt="Especial"
              class="botao__imagem"
              src="/assets/botoes/especial.svg"
            />
          </button>
        </section>
      </section>
    </div>
  </body>,
  "container": <div>
    <section>
      <section
        class="pontuacao base__painel-roxo"
      >
        <article
          class="base__flex-container"
        >
          <h2
            class="pontuacao__subtitulo"
          >
            Fase:
          </h2>
          <h2
            class="pontuacao__subtitulo"
            data-testid="fase-label"
          >
            Tutorial
          </h2>
        </article>
        <article
          class="base__flex-container"
        >
          <h2
            class="pontuacao__subtitulo"
          >
            Pontuação:
          </h2>
          <h2
            class="pontuacao__subtitulo"
            data-testid="fase-pontuacao"
          >
            0
          </h2>
        </article>
      </section>
      <table
        class="mapa__container"
      >
        <tbody
          class="mapa"
        >
          <tr
            class="mapa__linha"
          >
            <td
              class="mapa__pixel"
            >
              <img
                alt="espaco-vazio"
                class="pixel__espaco-vazio"
                src="/assets/mapa/espaco-vazio.svg"
              />
            </td>
            <td
              class="mapa__pixel"
            >
              <img
                alt="espaco-vazio"
                class="pixel__espaco-vazio"
                src="/assets/mapa/espaco-vazio.svg"
              />
            </td>
            <td
              class="mapa__pixel"
            >
              <img
                alt="espaco-vazio"
                class="pixel__espaco-vazio"
                src="/assets/mapa/espaco-vazio.svg"
              />
            </td>
            <td
              class="mapa__pixel"
            >
              <img
                alt="canto"
                class="pixel__canto-superior-esquerdo"
                src="/assets/mapa/canto.svg"
              />
            </td>
            <td
              class="mapa__pixel"
            >
              <img
                alt="parede"
                class="pixel__parede-horizontal"
                src="/assets/mapa/parede.svg"
              />
            </td>
            <td
              class="mapa__pixel"
            >
              <img
                alt="canto"
                class="pixel__canto-superior-direito"
                src="/assets/mapa/canto.svg"
              />
            </td>
            <td
              class="mapa__pixel"
            >
              <img
                alt="espaco-vazio"
                class="pixel__espaco-vazio"
                src="/assets/mapa/espaco-vazio.svg"
              />
            </td>
            <td
              class="mapa__pixel"
            >
              <img
                alt="espaco-vazio"
                class="pixel__espaco-vazio"
                src="/assets/mapa/espaco-vazio.svg"
              />
            </td>
            <td
              class="mapa__pixel"
            >
              <img
                alt="espaco-vazio"
                class="pixel__espaco-vazio"
                src="/assets/mapa/espaco-vazio.svg"
              />
            </td>
          </tr>
          <tr
            class="mapa__linha"
          >
            <td
              class="mapa__pixel"
            >
              <img
                alt="canto"
                class="pixel__canto-superior-esquerdo"
                src="/assets/mapa/canto.svg"
              />
            </td>
            <td
              class="mapa__pixel"
            >
              <img
                alt="parede"
                class="pixel__parede-horizontal"
                src="/assets/mapa/parede.svg"
              />
            </td>
            <td
              class="mapa__pixel"
            >
              <img
                alt="parede"
                class="pixel__parede-horizontal"
                src="/assets/mapa/parede.svg"
              />
            </td>
            <td
              class="mapa__pixel"
            >
              <img
                alt="canto"
                class="pixel__canto-inferior-direito"
                src="/assets/mapa/canto.svg"
              />
            </td>
            <td
              class="mapa__pixel"
            >
              <img
                alt="sherlock"
                class="pixel__personagem"
                src="/assets/mapa/sherlock.png"
              />
            </td>
            <td
              class="mapa__pixel"
            >
              <img
                alt="canto"
                class="pixel__canto-inferior-esquerdo"
                src="/assets/mapa/canto.svg"
              />
            </td>
            <td
              class="mapa__pixel"
            >
              <img
                alt="parede"
                class="pixel__parede-horizontal"
                src="/assets/mapa/parede.svg"
              />
            </td>
            <td
              class="mapa__pixel"
            >
              <img
                alt="parede"
                class="pixel__parede-horizontal"
                src="/assets/mapa/parede.svg"
              />
            </td>
            <td
              class="mapa__pixel"
            >
              <img
                alt="canto"
                class="pixel__canto-superior-direito"
                src="/assets/mapa/canto.svg"
              />
            </td>
          </tr>
          <tr
            class="mapa__linha"
          >
            <td
              class="mapa__pixel"
            >
              <img
                alt="parede"
                class="pixel__parede-vertical"
                src="/assets/mapa/parede.svg"
              />
            </td>
            <td
              class="mapa__pixel"
            >
              <img
                alt="jaminha"
                class="pixel__personagem"
                src="/assets/mapa/jaminha.png"
              />
            </td>
            <td
              class="mapa__pixel"
            >
              <img
                alt="racao"
                class="pixel__racao"
                src="/assets/mapa/racao.svg"
              />
            </td>
            <td
              class="mapa__pixel"
            >
              <img
                alt="racao"
                class="pixel__racao"
                src="/assets/mapa/racao.svg"
              />
            </td>
            <td
              class="mapa__pixel"
            >
              <img
                alt="especial"
                class="pixel__especial"
                src="/assets/mapa/especial.svg"
              />
            </td>
            <td
              class="mapa__pixel"
            >
              <img
                alt="racao"
                class="pixel__racao"
                src="/assets/mapa/racao.svg"
              />
            </td>
            <td
              class="mapa__pixel"
            >
              <img
                alt="racao"
                class="pixel__racao"
                src="/assets/mapa/racao.svg"
              />
            </td>
            <td
              class="mapa__pixel"
            >
              <img
                alt="breno"
                class="pixel__personagem"
                src="/assets/mapa/breno.png"
              />
            </td>
            <td
              class="mapa__pixel"
            >
              <img
                alt="parede"
                class="pixel__parede-vertical"
                src="/assets/mapa/parede.svg"
              />
            </td>
          </tr>
          <tr
            class="mapa__linha"
          >
            <td
              class="mapa__pixel"
            >
              <img
                alt="canto"
                class="pixel__canto-inferior-esquerdo"
                src="/assets/mapa/canto.svg"
              />
            </td>
            <td
              class="mapa__pixel"
            >
              <img
                alt="parede"
                class="pixel__parede-horizontal"
                src="/assets/mapa/parede.svg"
              />
            </td>
            <td
              class="mapa__pixel"
            >
              <img
                alt="parede"
                class="pixel__parede-horizontal"
                src="/assets/mapa/parede.svg"
              />
            </td>
            <td
              class="mapa__pixel"
            >
              <img
                alt="parede"
                class="pixel__parede-horizontal"
                src="/assets/mapa/parede.svg"
              />
            </td>
            <td
              class="mapa__pixel"
            >
              <img
                alt="parede"
                class="pixel__parede-horizontal"
                src="/assets/mapa/parede.svg"
              />
            </td>
            <td
              class="mapa__pixel"
            >
              <img
                alt="parede"
                class="pixel__parede-horizontal"
                src="/assets/mapa/parede.svg"
              />
            </td>
            <td
              class="mapa__pixel"
            >
              <img
                alt="parede"
                class="pixel__parede-horizontal"
                src="/assets/mapa/parede.svg"
              />
            </td>
            <td
              class="mapa__pixel"
            >
              <img
                alt="parede"
                class="pixel__parede-horizontal"
                src="/assets/mapa/parede.svg"
              />
            </td>
            <td
              class="mapa__pixel"
            >
              <img
                alt="canto"
                class="pixel__canto-inferior-direito"
                src="/assets/mapa/canto.svg"
              />
            </td>
          </tr>
        </tbody>
      </table>
      <section
        class="comandos"
      >
        <button
          class="comandos__botao"
          data-testid="cima"
          disabled=""
        >
          <img
            alt="cima"
            class="botao__imagem botao__imagem--cima"
            src="/assets/botoes/seta.svg"
          />
        </button>
        <button
          class="comandos__botao"
          data-testid="baixo"
        >
          <img
            alt="baixo"
            class="botao__imagem botao__imagem--baixo"
            src="/assets/botoes/seta.svg"
          />
        </button>
        <button
          class="comandos__botao"
          data-testid="esquerda"
          disabled=""
        >
          <img
            alt="esquerda"
            class="botao__imagem botao__imagem--esquerda"
            src="/assets/botoes/seta.svg"
          />
        </button>
        <button
          class="comandos__botao"
          data-testid="direita"
          disabled=""
        >
          <img
            alt="direita"
            class="botao__imagem botao__imagem--direita"
            src="/assets/botoes/seta.svg"
          />
        </button>
        <button
          class="comandos__botao"
          data-testid="especial"
          disabled=""
        >
          <img
            alt="Especial"
            class="botao__imagem"
            src="/assets/botoes/especial.svg"
          />
        </button>
      </section>
    </section>
  </div>,
  "debug": [Function],
  "findAllByAltText": [Function],
  "findAllByDisplayValue": [Function],
  "findAllByLabelText": [Function],
  "findAllByPlaceholderText": [Function],
  "findAllByRole": [Function],
  "findAllByTestId": [Function],
  "findAllByText": [Function],
  "findAllByTitle": [Function],
  "findByAltText": [Function],
  "findByDisplayValue": [Function],
  "findByLabelText": [Function],
  "findByPlaceholderText": [Function],
  "findByRole": [Function],
  "findByTestId": [Function],
  "findByText": [Function],
  "findByTitle": [Function],
  "getAllByAltText": [Function],
  "getAllByDisplayValue": [Function],
  "getAllByLabelText": [Function],
  "getAllByPlaceholderText": [Function],
  "getAllByRole": [Function],
  "getAllByTestId": [Function],
  "getAllByText": [Function],
  "getAllByTitle": [Function],
  "getByAltText": [Function],
  "getByDisplayValue": [Function],
  "getByLabelText": [Function],
  "getByPlaceholderText": [Function],
  "getByRole": [Function],
  "getByTestId": [Function],
  "getByText": [Function],
  "getByTitle": [Function],
  "queryAllByAltText": [Function],
  "queryAllByDisplayValue": [Function],
  "queryAllByLabelText": [Function],
  "queryAllByPlaceholderText": [Function],
  "queryAllByRole": [Function],
  "queryAllByTestId": [Function],
  "queryAllByText": [Function],
  "queryAllByTitle": [Function],
  "queryByAltText": [Function],
  "queryByDisplayValue": [Function],
  "queryByLabelText": [Function],
  "queryByPlaceholderText": [Function],
  "queryByRole": [Function],
  "queryByTestId": [Function],
  "queryByText": [Function],
  "queryByTitle": [Function],
  "rerender": [Function],
  "unmount": [Function],
}
`;
